2026-07-29T01:26:12.529514115Z Node N1 ClusterState: replying with cluster config
2026-07-29T01:26:12.559869646Z Node N2 ClusterState: added node N9
2026-07-29T01:26:12.561518408Z Node N0 ClusterState: added node N9
2026-07-29T01:26:12.561914092Z Node N1 ClusterState: added node N9
2026-07-29T01:26:12.562112089Z Node N1 sending update message to raft cluster
2026-07-29T01:26:12.562052925Z Node N2 sending update message to raft cluster
2026-07-29T01:26:12.563441356Z Node N0 sending update message to raft cluster
2026-07-29T01:26:13.610418817Z Node N9 ClusterState: added node N9
2026-07-29T01:26:13.611654616Z Node N9 sending update message to raft cluster
2026-07-29T01:26:13.620410194Z Node N2 sending Update message to Shard
2026-07-29T01:26:13.622395461Z Node N0 sending Update message to Shard
2026-07-29T01:26:13.622843393Z Node N1 sending Update message to Shard
2026-07-29T01:26:13.625894614Z Node N9 sending Update message to Shard
2026-07-29T01:26:17.547862044Z Node N1 ClusterState: new config finalised
2026-07-29T01:26:17.550718974Z Node N0 ClusterState: new config finalised
2026-07-29T01:26:17.551569967Z Node N2 ClusterState: new config finalised
2026-07-29T01:26:17.551840344Z Node N9 ClusterState: new config finalised
2026-07-29T01:26:20.271037107Z Node N1 ClusterState: replying with cluster config
2026-07-29T01:26:20.282113953Z Node N2 ClusterState: removed node N9
2026-07-29T01:26:20.282281612Z Node N2 sending update message to raft cluster
2026-07-29T01:26:20.282437598Z Node N2 sending Update message to Shard
2026-07-29T01:26:20.282516733Z Node N2 ClusterState: new config finalised
2026-07-29T01:26:20.283776029Z Node N0 ClusterState: removed node N9
2026-07-29T01:26:20.284199612Z Node N0 sending update message to raft cluster
2026-07-29T01:26:20.285349022Z Node N1 ClusterState: removed node N9
2026-07-29T01:26:20.285528611Z Node N1 sending update message to raft cluster
2026-07-29T01:26:20.285837609Z Node N1 sending Update message to Shard
2026-07-29T01:26:20.285999642Z Node N1 ClusterState: new config finalised
2026-07-29T01:26:20.285058316Z Node N0 sending Update message to Shard
2026-07-29T01:26:20.287629671Z Node N0 ClusterState: new config finalised
2026-07-29T01:32:09.631497321Z Node N1 ClusterState: replying with cluster config
2026-07-29T01:32:09.669552535Z Node N0 ClusterState: added node N9
2026-07-29T01:32:09.670365347Z Node N2 ClusterState: added node N9
2026-07-29T01:32:09.671953554Z Node N0 sending update message to raft cluster
2026-07-29T01:32:09.671965978Z Node N1 ClusterState: added node N9
2026-07-29T01:32:09.672570009Z Node N1 sending update message to raft cluster
2026-07-29T01:32:09.672556622Z Node N2 sending update message to raft cluster
2026-07-29T01:32:10.713917054Z Node N9 ClusterState: added node N9
2026-07-29T01:32:10.715288820Z Node N9 sending update message to raft cluster
2026-07-29T01:32:10.722052517Z Node N0 sending Update message to Shard
2026-07-29T01:32:10.723560731Z Node N1 sending Update message to Shard
2026-07-29T01:32:10.724364830Z Node N2 sending Update message to Shard
2026-07-29T01:32:10.725412972Z Node N9 sending Update message to Shard
2026-07-29T01:32:11.738529099Z Node N0 ClusterState: new config finalised
2026-07-29T01:32:11.740310674Z Node N1 ClusterState: new config finalised
2026-07-29T01:32:11.741420055Z Node N2 ClusterState: new config finalised
2026-07-29T01:32:11.742191293Z Node N9 ClusterState: new config finalised
2026-07-29T01:32:19.536552992Z Node N2 ClusterState: replying with cluster config
2026-07-29T01:32:19.548731513Z Node N0 ClusterState: added node N10
2026-07-29T01:32:19.548967485Z Node N0 sending update message to raft cluster
2026-07-29T01:32:19.549212031Z Node N0 sending Update message to Shard
2026-07-29T01:32:19.549365227Z Node N0 ClusterState: new config finalised
2026-07-29T01:32:19.551008234Z Node N1 ClusterState: added node N10
2026-07-29T01:32:19.551207451Z Node N1 sending update message to raft cluster
2026-07-29T01:32:19.551487612Z Node N1 sending Update message to Shard
2026-07-29T01:32:19.551651784Z Node N1 ClusterState: new config finalised
2026-07-29T01:32:19.551470208Z Node N9 ClusterState: added node N10
2026-07-29T01:32:19.552282603Z Node N2 ClusterState: added node N10
2026-07-29T01:32:19.552332269Z Node N9 sending update message to raft cluster
2026-07-29T01:32:19.552657519Z Node N2 sending update message to raft cluster
2026-07-29T01:32:19.553019145Z Node N9 sending Update message to Shard
2026-07-29T01:32:19.553247945Z Node N2 sending Update message to Shard
2026-07-29T01:32:19.553296624Z Node N9 ClusterState: new config finalised
2026-07-29T01:32:19.553513942Z Node N2 ClusterState: new config finalised
2026-07-29T01:32:20.601031886Z Node N10 ClusterState: added node N9
2026-07-29T01:32:20.602153780Z Node N10 sending update message to raft cluster
2026-07-29T01:32:20.602572059Z Node N10 sending Update message to Shard
2026-07-29T01:32:20.602735776Z Node N10 ClusterState: new config finalised
2026-07-29T01:32:20.602909652Z Node N10 ClusterState: added node N10
2026-07-29T01:32:20.602998041Z Node N10 sending update message to raft cluster
2026-07-29T01:32:20.603133726Z Node N10 sending Update message to Shard
2026-07-29T01:32:20.603253482Z Node N10 ClusterState: new config finalised
2026-07-29T01:32:31.597012259Z Node N2 ClusterState: replying with cluster config
2026-07-29T01:32:31.615996928Z Node N0 ClusterState: removed node N10
2026-07-29T01:32:31.616112130Z Node N0 sending update message to raft cluster
2026-07-29T01:32:31.616294584Z Node N0 sending Update message to Shard
2026-07-29T01:32:31.616394190Z Node N0 ClusterState: new config finalised
2026-07-29T01:32:31.643321440Z Node N1 ClusterState: removed node N10
2026-07-29T01:32:31.643474482Z Node N1 sending update message to raft cluster
2026-07-29T01:32:31.644199201Z Node N1 sending Update message to Shard
2026-07-29T01:32:31.644641308Z Node N1 ClusterState: new config finalised
2026-07-29T01:32:31.645816079Z Node N2 ClusterState: removed node N10
2026-07-29T01:32:31.645816752Z Node N9 ClusterState: removed node N10
2026-07-29T01:32:31.646207402Z Node N2 sending update message to raft cluster
2026-07-29T01:32:31.646317517Z Node N9 sending update message to raft cluster
2026-07-29T01:32:31.646991349Z Node N2 sending Update message to Shard
2026-07-29T01:32:31.647197589Z Node N9 sending Update message to Shard
2026-07-29T01:32:31.647317477Z Node N2 ClusterState: new config finalised
2026-07-29T01:32:31.647646688Z Node N9 ClusterState: new config finalised
2026-07-29T01:32:48.284735769Z Node N0 ClusterState: replying with cluster config
2026-07-29T01:32:48.296040622Z Node N0 ClusterState: added node N11
2026-07-29T01:32:48.296158959Z Node N0 sending update message to raft cluster
2026-07-29T01:32:48.296292565Z Node N0 sending Update message to Shard
2026-07-29T01:32:48.296390635Z Node N0 ClusterState: new config finalised
2026-07-29T01:32:48.297659384Z Node N1 ClusterState: added node N11
2026-07-29T01:32:48.297971431Z Node N1 sending update message to raft cluster
2026-07-29T01:32:48.298352406Z Node N1 sending Update message to Shard
2026-07-29T01:32:48.298576194Z Node N1 ClusterState: new config finalised
2026-07-29T01:32:48.298703862Z Node N9 ClusterState: added node N11
2026-07-29T01:32:48.298837698Z Node N9 sending update message to raft cluster
2026-07-29T01:32:48.299147068Z Node N2 ClusterState: added node N11
2026-07-29T01:32:48.299285119Z Node N9 sending Update message to Shard
2026-07-29T01:32:48.299335890Z Node N2 sending update message to raft cluster
2026-07-29T01:32:48.299533661Z Node N2 sending Update message to Shard
2026-07-29T01:32:48.299561014Z Node N9 ClusterState: new config finalised
2026-07-29T01:32:48.299682694Z Node N2 ClusterState: new config finalised
2026-07-29T01:32:49.345236479Z Node N11 ClusterState: added node N9
2026-07-29T01:32:49.346503468Z Node N11 sending update message to raft cluster
2026-07-29T01:32:49.346848656Z Node N11 sending Update message to Shard
2026-07-29T01:32:49.347005994Z Node N11 ClusterState: new config finalised
2026-07-29T01:32:49.347230649Z Node N11 ClusterState: added node N10
2026-07-29T01:32:49.347314688Z Node N11 sending update message to raft cluster
2026-07-29T01:32:49.347464354Z Node N11 sending Update message to Shard
2026-07-29T01:32:49.347547267Z Node N11 ClusterState: new config finalised
2026-07-29T01:32:49.347744777Z Node N11 ClusterState: removed node N10
2026-07-29T01:32:49.347836049Z Node N11 sending update message to raft cluster
2026-07-29T01:32:49.347995118Z Node N11 sending Update message to Shard
2026-07-29T01:32:49.348109359Z Node N11 ClusterState: new config finalised
2026-07-29T01:32:49.348265944Z Node N11 ClusterState: added node N11
2026-07-29T01:32:49.348375104Z Node N11 sending update message to raft cluster
2026-07-29T01:32:49.348491233Z Node N11 sending Update message to Shard
2026-07-29T01:32:49.348572024Z Node N11 ClusterState: new config finalised
2026-07-29T01:33:07.733087058Z Node N2 ClusterState: replying with cluster config
2026-07-29T01:33:07.742338582Z Node N0 ClusterState: removed node N1
2026-07-29T01:33:07.742599830Z Node N0 sending update message to raft cluster
2026-07-29T01:33:07.742796071Z Node N0 sending Update message to Shard
2026-07-29T01:33:07.742890649Z Node N0 ClusterState: new config finalised
2026-07-29T01:33:07.744028499Z Node N9 ClusterState: removed node N1
2026-07-29T01:33:07.744143581Z Node N9 sending update message to raft cluster
2026-07-29T01:33:07.744332820Z Node N9 sending Update message to Shard
2026-07-29T01:33:07.744453389Z Node N9 ClusterState: new config finalised
2026-07-29T01:33:07.746668127Z Node N2 ClusterState: removed node N1
2026-07-29T01:33:07.747218683Z Node N2 sending update message to raft cluster
2026-07-29T01:33:07.747606974Z Node N2 sending Update message to Shard
2026-07-29T01:33:07.747953050Z Node N2 ClusterState: new config finalised
2026-07-29T01:33:07.747827667Z Node N11 ClusterState: removed node N1
2026-07-29T01:33:07.748369615Z Node N11 sending update message to raft cluster
2026-07-29T01:33:07.748865263Z Node N11 sending Update message to Shard
2026-07-29T01:33:07.749287002Z Node N11 ClusterState: new config finalised
2026-07-29T01:33:19.797435461Z Node N9 ClusterState: replying with cluster config
2026-07-29T01:33:24.385399745Z Node N9 ClusterState: replying with cluster config
